  Collision.cpp
  SweptAABB.cpp
  ColliderBox2D.cpp
  ColliderCircle.cpp
  ColliderPixel.cpp
  GameEngine.vcxproj -> D:\MapleStory_Blast\GameEngine\BIn\GameEngine.lib
  .\GameEngine\Bin\GameEngine.lib
  .\GameEngine\Bin\GameEngine.pdb
  2개 파일이 복사되었습니다.
  .\GameEngine\Bin\GameEngine.lib
  .\GameEngine\Bin\GameEngine.pdb
  2개 파일이 복사되었습니다.
  .\GameEngine\Bin\GameEngine.lib
  .\GameEngine\Bin\GameEngine.pdb
  2개 파일이 복사되었습니다.
  .\GameEngine\Bin\GameEngine.lib
  .\GameEngine\Bin\GameEngine.pdb
  2개 파일이 복사되었습니다.
  .\GameEngine\Include\Collision\Collision.h
  .\GameEngine\Include\Collision\SweptAABB.h
  .\GameEngine\Include\Component\ColliderBox2D.h
  .\GameEngine\Include\Component\RIGIDB~1.H
  4개 파일이 복사되었습니다.
  파일을 찾을 수 없습니다-*.inl
  0개 파일이 복사되었습니다.
  0개 파일이 복사되었습니다.
